outcome answered  coverage complete  results 3

1. tasks:td-c53986  exact
   Build the CLI
 ~ query, expand, sources, doctor, config.
2. docs:ranking.md#L1-20
   Ranking
 > Cross-source fusion uses rank, never raw scores.
3. docs:plan.md#L4-9
   Retrieval plan
   The eligible sources, per-source limits, and budgets.
