outcome answered  coverage complete  results 3

1. tasks:td-c53986  exact
   Build the CLI
 ~ query, expand, sources, doctor, config.
   type task  sensitivity internal  id td-c53986  candidate td-c53986#1  signals exact_identifier  local rank 1
   lineage 01UIDTASKS:td-c53986
     tasks:td-c53986  source tasks  local rank 1  signals exact_identifier
   source:        tasks (01UIDTASKS)
   local rank:    1 of 1
   matches:       exact_identifier
   prior:         1 (base, no class rule)
   relevance:     not reported by this source, so fused as 1 — an untested advantage over sources that report it
   lineage:       01UIDTASKS:td-c53986
   corroboration: 1 independent unit from tasks (cap 2)
   freshness:     indexed, as_of filter
   reranker:      not used
   score:         0.0163934 (rank constant 60), promoted on exact identifier
2. docs:ranking.md#L1-20
   Ranking
 > Cross-source fusion uses rank, never raw scores.
   type document  sensitivity internal  id ranking.md#L1-20  candidate ranking.md#L1-20#1  revision rev-9  signals lexical  local rank 1  observed 2026-03-04T05:06:07Z
   lineage 01UIDDOCS:ranking.md#L1-20
     docs:ranking.md#L1-20  source docs  local rank 1  signals lexical
   source:        docs (01UIDDOCS)
   local rank:    1 of 2
   matches:       lexical
   prior:         1.2 (base, no class rule)
   relevance:     not reported by this source, so fused as 1 — an untested advantage over sources that report it
   lineage:       01UIDDOCS:ranking.md#L1-20
   corroboration: 1 independent unit from docs (cap 2)
   freshness:     indexed, revision w-000123, generation gen-000042, index config bm25-k1.2, observed 2026-03-04T05:06:07Z, as_of filter
   reranker:      not used
   score:         0.0196721 (rank constant 60)
3. docs:plan.md#L4-9
   Retrieval plan
   The eligible sources, per-source limits, and budgets.
   type document  sensitivity internal  id plan.md#L4-9  candidate plan.md#L4-9#1  signals lexical  local rank 2
   lineage 01UIDDOCS:plan.md#L4-9
     docs:plan.md#L4-9  source docs  local rank 2  signals lexical
   source:        docs (01UIDDOCS)
   local rank:    2 of 2
   matches:       lexical
   prior:         1.2 (base, no class rule)
   relevance:     not reported by this source, so fused as 1 — an untested advantage over sources that report it
   lineage:       01UIDDOCS:plan.md#L4-9
   corroboration: 1 independent unit from docs (cap 2)
   freshness:     indexed, revision w-000123, generation gen-000042, index config bm25-k1.2, as_of filter
   reranker:      not used
   score:         0.0193548 (rank constant 60)

sources
  docs (01UIDDOCS)  outcome success  candidates 2  watermark w-000123  generation gen-000042
  tasks (01UIDTASKS)  outcome success  candidates 1

plan  profile work  limit 20  rank constant 60  corroboration cap 2  relevance floor 0.1  fusion reserve 25ms  deadline <time>
  docs (01UIDDOCS)  eligible  relevance basis lexical_span  limit 20  timeout <dur>  prior 1.2
  tasks (01UIDTASKS)  eligible  relevance basis lexical_span  limit 20  timeout <dur>  prior 1
